2025-10-20T10:42:26.9148889Z Current runner version: '2.329.0'
2025-10-20T10:42:26.9183964Z ##[group]Runner Image Provisioner
2025-10-20T10:42:26.9185227Z Hosted Compute Agent
2025-10-20T10:42:26.9186231Z Version: 20251013.424
2025-10-20T10:42:26.9187616Z Commit: cfdd8bfed34d71a55b72df4d2e82343c3fc2bab3
2025-10-20T10:42:26.9188784Z Build Date: 2025-10-13T20:22:23Z
2025-10-20T10:42:26.9189789Z ##[endgroup]
2025-10-20T10:42:26.9190748Z ##[group]Operating System
2025-10-20T10:42:26.9191678Z Ubuntu
2025-10-20T10:42:26.9192377Z 24.04.3
2025-10-20T10:42:26.9193270Z LTS
2025-10-20T10:42:26.9193952Z ##[endgroup]
2025-10-20T10:42:26.9194867Z ##[group]Runner Image
2025-10-20T10:42:26.9195844Z Image: ubuntu-24.04
2025-10-20T10:42:26.9196684Z Version: 20251014.76.1
2025-10-20T10:42:26.9198691Z Included Software: https://github.com/actions/runner-images/blob/ubuntu24/20251014.76/images/ubuntu/Ubuntu2404-Readme.md
2025-10-20T10:42:26.9201476Z Image Release: https://github.com/actions/runner-images/releases/tag/ubuntu24%2F20251014.76
2025-10-20T10:42:26.9203280Z ##[endgroup]
2025-10-20T10:42:26.9204953Z ##[group]GITHUB_TOKEN Permissions
2025-10-20T10:42:26.9207970Z Contents: read
2025-10-20T10:42:26.9209008Z Metadata: read
2025-10-20T10:42:26.9209819Z ##[endgroup]
2025-10-20T10:42:26.9213432Z Secret source: Actions
2025-10-20T10:42:26.9214533Z Prepare workflow directory
2025-10-20T10:42:26.9695385Z Prepare all required actions
2025-10-20T10:42:26.9755424Z Getting action download info
2025-10-20T10:42:27.2155290Z Download action repository 'actions/checkout@v4' (SHA:08eba0b27e820071cde6df949e0beb9ba4906955)
2025-10-20T10:42:27.2878838Z Download action repository 'actions/setup-python@v5' (SHA:a26af69be951a213d495a4c3e4e4022e16d87065)
2025-10-20T10:42:27.4090708Z Download action repository 'actions/cache@v4' (SHA:0057852bfaa89a56745cba8c7296529d2fc39830)
2025-10-20T10:42:27.5891472Z Complete job name: Run tests
2025-10-20T10:42:27.6566598Z ##[group]Run actions/checkout@v4
2025-10-20T10:42:27.6567690Z with:
2025-10-20T10:42:27.6568151Z   repository: Jackautorun/Auto_Bot
2025-10-20T10:42:27.6568825Z   token: ***
2025-10-20T10:42:27.6569198Z   ssh-strict: true
2025-10-20T10:42:27.6569583Z   ssh-user: git
2025-10-20T10:42:27.6569981Z   persist-credentials: true
2025-10-20T10:42:27.6570417Z   clean: true
2025-10-20T10:42:27.6570855Z   sparse-checkout-cone-mode: true
2025-10-20T10:42:27.6571324Z   fetch-depth: 1
2025-10-20T10:42:27.6571696Z   fetch-tags: false
2025-10-20T10:42:27.6572091Z   show-progress: true
2025-10-20T10:42:27.6572485Z   lfs: false
2025-10-20T10:42:27.6572845Z   submodules: false
2025-10-20T10:42:27.6573237Z   set-safe-directory: true
2025-10-20T10:42:27.6573871Z ##[endgroup]
2025-10-20T10:42:27.7651609Z Syncing repository: Jackautorun/Auto_Bot
2025-10-20T10:42:27.7653284Z ##[group]Getting Git version info
2025-10-20T10:42:27.7653966Z Working directory is '/home/runner/work/Auto_Bot/Auto_Bot'
2025-10-20T10:42:27.7654929Z [command]/usr/bin/git version
2025-10-20T10:42:27.7691115Z git version 2.51.0
2025-10-20T10:42:27.7717519Z ##[endgroup]
2025-10-20T10:42:27.7740301Z Temporarily overriding HOME='/home/runner/work/_temp/fbec65c3-a3b2-421f-9a4b-54126ca537d3' before making global git config changes
2025-10-20T10:42:27.7745465Z Adding repository directory to the temporary git global config as a safe directory
2025-10-20T10:42:27.7746698Z [command]/usr/bin/git config --global --add safe.directory /home/runner/work/Auto_Bot/Auto_Bot
2025-10-20T10:42:27.7780269Z Deleting the contents of '/home/runner/work/Auto_Bot/Auto_Bot'
2025-10-20T10:42:27.7783869Z ##[group]Initializing the repository
2025-10-20T10:42:27.7787868Z [command]/usr/bin/git init /home/runner/work/Auto_Bot/Auto_Bot
2025-10-20T10:42:27.7842314Z hint: Using 'master' as the name for the initial branch. This default branch name
2025-10-20T10:42:27.7843848Z hint: is subject to change. To configure the initial branch name to use in all
2025-10-20T10:42:27.7845317Z hint: of your new repositories, which will suppress this warning, call:
2025-10-20T10:42:27.7846009Z hint:
2025-10-20T10:42:27.7846469Z hint: 	git config --global init.defaultBranch <name>
2025-10-20T10:42:27.7847706Z hint:
2025-10-20T10:42:27.7848241Z hint: Names commonly chosen instead of 'master' are 'main', 'trunk' and
2025-10-20T10:42:27.7849090Z hint: 'development'. The just-created branch can be renamed via this command:
2025-10-20T10:42:27.7850037Z hint:
2025-10-20T10:42:27.7850634Z hint: 	git branch -m <name>
2025-10-20T10:42:27.7851072Z hint:
2025-10-20T10:42:27.7851634Z hint: Disable this message with "git config set advice.defaultBranchName false"
2025-10-20T10:42:27.7852562Z Initialized empty Git repository in /home/runner/work/Auto_Bot/Auto_Bot/.git/
2025-10-20T10:42:27.7855035Z [command]/usr/bin/git remote add origin https://github.com/Jackautorun/Auto_Bot
2025-10-20T10:42:27.7887380Z ##[endgroup]
2025-10-20T10:42:27.7888089Z ##[group]Disabling automatic garbage collection
2025-10-20T10:42:27.7891377Z [command]/usr/bin/git config --local gc.auto 0
2025-10-20T10:42:27.7919915Z ##[endgroup]
2025-10-20T10:42:27.7920570Z ##[group]Setting up auth
2025-10-20T10:42:27.7926427Z [command]/usr/bin/git config --local --name-only --get-regexp core\.sshCommand
2025-10-20T10:42:27.7956009Z [command]/usr/bin/git submodule foreach --recursive sh -c "git config --local --name-only --get-regexp 'core\.sshCommand' && git config --local --unset-all 'core.sshCommand' || :"
2025-10-20T10:42:27.8211901Z [command]/usr/bin/git config --local --name-only --get-regexp http\.https\:\/\/github\.com\/\.extraheader
2025-10-20T10:42:27.8243968Z [command]/usr/bin/git submodule foreach --recursive sh -c "git config --local --name-only --get-regexp 'http\.https\:\/\/github\.com\/\.extraheader' && git config --local --unset-all 'http.https://github.com/.extraheader' || :"
2025-10-20T10:42:27.8466687Z [command]/usr/bin/git config --local http.https://github.com/.extraheader AUTHORIZATION: basic ***
2025-10-20T10:42:27.8503420Z ##[endgroup]
2025-10-20T10:42:27.8504729Z ##[group]Fetching the repository
2025-10-20T10:42:27.8513245Z [command]/usr/bin/git -c protocol.version=2 fetch --no-tags --prune --no-recurse-submodules --depth=1 origin +9071595bc8e83aae6cf7ccddf1004bdf792fb54e:refs/remotes/origin/main
2025-10-20T10:42:28.0280664Z From https://github.com/Jackautorun/Auto_Bot
2025-10-20T10:42:28.0281562Z  * [new ref]         9071595bc8e83aae6cf7ccddf1004bdf792fb54e -> origin/main
2025-10-20T10:42:28.0309503Z ##[endgroup]
2025-10-20T10:42:28.0310165Z ##[group]Determining the checkout info
2025-10-20T10:42:28.0311589Z ##[endgroup]
2025-10-20T10:42:28.0316754Z [command]/usr/bin/git sparse-checkout disable
2025-10-20T10:42:28.0355623Z [command]/usr/bin/git config --local --unset-all extensions.worktreeConfig
2025-10-20T10:42:28.0384889Z ##[group]Checking out the ref
2025-10-20T10:42:28.0389594Z [command]/usr/bin/git checkout --progress --force -B main refs/remotes/origin/main
2025-10-20T10:42:28.0436533Z Switched to a new branch 'main'
2025-10-20T10:42:28.0439482Z branch 'main' set up to track 'origin/main'.
2025-10-20T10:42:28.0445246Z ##[endgroup]
2025-10-20T10:42:28.0480642Z [command]/usr/bin/git log -1 --format=%H
2025-10-20T10:42:28.0502690Z 9071595bc8e83aae6cf7ccddf1004bdf792fb54e
2025-10-20T10:42:28.0739262Z ##[group]Run actions/setup-python@v5
2025-10-20T10:42:28.0739806Z with:
2025-10-20T10:42:28.0740168Z   python-version: 3.11
2025-10-20T10:42:28.0740570Z   check-latest: false
2025-10-20T10:42:28.0741117Z   token: ***
2025-10-20T10:42:28.0741492Z   update-environment: true
2025-10-20T10:42:28.0741928Z   allow-prereleases: false
2025-10-20T10:42:28.0742351Z   freethreaded: false
2025-10-20T10:42:28.0742862Z ##[endgroup]
2025-10-20T10:42:28.2433969Z ##[group]Installed versions
2025-10-20T10:42:28.3166731Z Successfully set up CPython (3.11.14)
2025-10-20T10:42:28.3168987Z ##[endgroup]
2025-10-20T10:42:28.3995340Z ##[group]Run actions/cache@v4
2025-10-20T10:42:28.3996352Z with:
2025-10-20T10:42:28.3997338Z   path: ~/.cache/pip
2025-10-20T10:42:28.3998176Z   key: Linux-pip-
2025-10-20T10:42:28.3998976Z   restore-keys: Linux-pip-

2025-10-20T10:42:28.3999953Z   enableCrossOsArchive: false
2025-10-20T10:42:28.4001160Z   fail-on-cache-miss: false
2025-10-20T10:42:28.4002094Z   lookup-only: false
2025-10-20T10:42:28.4002949Z   save-always: false
2025-10-20T10:42:28.4003741Z env:
2025-10-20T10:42:28.4004695Z   pythonLocation: /opt/hostedtoolcache/Python/3.11.14/x64
2025-10-20T10:42:28.4006502Z   PKG_CONFIG_PATH: /opt/hostedtoolcache/Python/3.11.14/x64/lib/pkgconfig
2025-10-20T10:42:28.4008488Z   Python_ROOT_DIR: /opt/hostedtoolcache/Python/3.11.14/x64
2025-10-20T10:42:28.4010052Z   Python2_ROOT_DIR: /opt/hostedtoolcache/Python/3.11.14/x64
2025-10-20T10:42:28.4011640Z   Python3_ROOT_DIR: /opt/hostedtoolcache/Python/3.11.14/x64
2025-10-20T10:42:28.4013286Z   LD_LIBRARY_PATH: /opt/hostedtoolcache/Python/3.11.14/x64/lib
2025-10-20T10:42:28.4014624Z ##[endgroup]
2025-10-20T10:42:28.6460369Z Cache not found for input keys: Linux-pip-, Linux-pip-
2025-10-20T10:42:28.6545713Z ##[group]Run python -m pip install --upgrade pip
2025-10-20T10:42:28.6546382Z [36;1mpython -m pip install --upgrade pip[0m
2025-10-20T10:42:28.6547346Z [36;1mif [ -f requirements.txt ]; then pip install -r requirements.txt; fi[0m
2025-10-20T10:42:28.6548133Z [36;1mif [ -f requirements-dev.txt ]; then pip install -r requirements-dev.txt; fi[0m
2025-10-20T10:42:28.6548730Z [36;1mpip install pytest[0m
2025-10-20T10:42:28.6635484Z shell: /usr/bin/bash -e {0}
2025-10-20T10:42:28.6635951Z env:
2025-10-20T10:42:28.6636406Z   pythonLocation: /opt/hostedtoolcache/Python/3.11.14/x64
2025-10-20T10:42:28.6637250Z   PKG_CONFIG_PATH: /opt/hostedtoolcache/Python/3.11.14/x64/lib/pkgconfig
2025-10-20T10:42:28.6637939Z   Python_ROOT_DIR: /opt/hostedtoolcache/Python/3.11.14/x64
2025-10-20T10:42:28.6638510Z   Python2_ROOT_DIR: /opt/hostedtoolcache/Python/3.11.14/x64
2025-10-20T10:42:28.6639085Z   Python3_ROOT_DIR: /opt/hostedtoolcache/Python/3.11.14/x64
2025-10-20T10:42:28.6639721Z   LD_LIBRARY_PATH: /opt/hostedtoolcache/Python/3.11.14/x64/lib
2025-10-20T10:42:28.6640221Z ##[endgroup]
2025-10-20T10:42:31.8160245Z Requirement already satisfied: pip in /opt/hostedtoolcache/Python/3.11.14/x64/lib/python3.11/site-packages (25.2)
2025-10-20T10:42:32.9244305Z Collecting pytest
2025-10-20T10:42:32.9721166Z   Downloading pytest-8.4.2-py3-none-any.whl.metadata (7.7 kB)
2025-10-20T10:42:32.9891766Z Collecting iniconfig>=1 (from pytest)
2025-10-20T10:42:32.9963814Z   Downloading iniconfig-2.3.0-py3-none-any.whl.metadata (2.5 kB)
2025-10-20T10:42:33.0164417Z Collecting packaging>=20 (from pytest)
2025-10-20T10:42:33.0234552Z   Downloading packaging-25.0-py3-none-any.whl.metadata (3.3 kB)
2025-10-20T10:42:33.0398507Z Collecting pluggy<2,>=1.5 (from pytest)
2025-10-20T10:42:33.0471256Z   Downloading pluggy-1.6.0-py3-none-any.whl.metadata (4.8 kB)
2025-10-20T10:42:33.0713017Z Collecting pygments>=2.7.2 (from pytest)
2025-10-20T10:42:33.0785152Z   Downloading pygments-2.19.2-py3-none-any.whl.metadata (2.5 kB)
2025-10-20T10:42:33.0936028Z Downloading pytest-8.4.2-py3-none-any.whl (365 kB)
2025-10-20T10:42:33.1220081Z Downloading pluggy-1.6.0-py3-none-any.whl (20 kB)
2025-10-20T10:42:33.1311508Z Downloading iniconfig-2.3.0-py3-none-any.whl (7.5 kB)
2025-10-20T10:42:33.1402126Z Downloading packaging-25.0-py3-none-any.whl (66 kB)
2025-10-20T10:42:33.1498875Z Downloading pygments-2.19.2-py3-none-any.whl (1.2 MB)
2025-10-20T10:42:33.1649647Z    ━━━━━━━━━━━━━━━━━━━━━━━━━━━━━━━━━━━━━━━━ 1.2/1.2 MB 80.5 MB/s  0:00:00
2025-10-20T10:42:33.1926846Z Installing collected packages: pygments, pluggy, packaging, iniconfig, pytest
2025-10-20T10:42:34.1365639Z 
2025-10-20T10:42:34.1376612Z Successfully installed iniconfig-2.3.0 packaging-25.0 pluggy-1.6.0 pygments-2.19.2 pytest-8.4.2
2025-10-20T10:42:34.1851185Z ##[group]Run pytest
2025-10-20T10:42:34.1851442Z [36;1mpytest[0m
2025-10-20T10:42:34.1882484Z shell: /usr/bin/bash -e {0}
2025-10-20T10:42:34.1882717Z env:
2025-10-20T10:42:34.1882968Z   pythonLocation: /opt/hostedtoolcache/Python/3.11.14/x64
2025-10-20T10:42:34.1883367Z   PKG_CONFIG_PATH: /opt/hostedtoolcache/Python/3.11.14/x64/lib/pkgconfig
2025-10-20T10:42:34.1883740Z   Python_ROOT_DIR: /opt/hostedtoolcache/Python/3.11.14/x64
2025-10-20T10:42:34.1884302Z   Python2_ROOT_DIR: /opt/hostedtoolcache/Python/3.11.14/x64
2025-10-20T10:42:34.1884645Z   Python3_ROOT_DIR: /opt/hostedtoolcache/Python/3.11.14/x64
2025-10-20T10:42:34.1885024Z   LD_LIBRARY_PATH: /opt/hostedtoolcache/Python/3.11.14/x64/lib
2025-10-20T10:42:34.1885311Z ##[endgroup]
2025-10-20T10:42:34.8115973Z ============================= test session starts ==============================
2025-10-20T10:42:34.8117389Z platform linux -- Python 3.11.14, pytest-8.4.2, pluggy-1.6.0
2025-10-20T10:42:34.8118204Z rootdir: /home/runner/work/Auto_Bot/Auto_Bot
2025-10-20T10:42:34.8118744Z collected 0 items
2025-10-20T10:42:34.8118977Z 
2025-10-20T10:42:34.8119224Z ============================ no tests ran in 0.00s =============================
2025-10-20T10:42:34.8300474Z ##[error]Process completed with exit code 5.
2025-10-20T10:42:34.8402640Z Post job cleanup.
2025-10-20T10:42:34.9343810Z [command]/usr/bin/git version
2025-10-20T10:42:34.9380889Z git version 2.51.0
2025-10-20T10:42:34.9423929Z Temporarily overriding HOME='/home/runner/work/_temp/9760e2c3-8747-4347-83c2-2c8bcbb5f1f0' before making global git config changes
2025-10-20T10:42:34.9425039Z Adding repository directory to the temporary git global config as a safe directory
2025-10-20T10:42:34.9435913Z [command]/usr/bin/git config --global --add safe.directory /home/runner/work/Auto_Bot/Auto_Bot
2025-10-20T10:42:34.9470418Z [command]/usr/bin/git config --local --name-only --get-regexp core\.sshCommand
2025-10-20T10:42:34.9502206Z [command]/usr/bin/git submodule foreach --recursive sh -c "git config --local --name-only --get-regexp 'core\.sshCommand' && git config --local --unset-all 'core.sshCommand' || :"
2025-10-20T10:42:34.9729870Z [command]/usr/bin/git config --local --name-only --get-regexp http\.https\:\/\/github\.com\/\.extraheader
2025-10-20T10:42:34.9750769Z http.https://github.com/.extraheader
2025-10-20T10:42:34.9762954Z [command]/usr/bin/git config --local --unset-all http.https://github.com/.extraheader
2025-10-20T10:42:34.9795057Z [command]/usr/bin/git submodule foreach --recursive sh -c "git config --local --name-only --get-regexp 'http\.https\:\/\/github\.com\/\.extraheader' && git config --local --unset-all 'http.https://github.com/.extraheader' || :"
2025-10-20T10:42:35.0119012Z Cleaning up orphan processes
